==============================================================
run start: 2026-08-15 13:17:04 EDT
Fetching fundamentals...
  [  1/137] NVDA   Semiconductors
  [  2/137] AVGO   Semiconductors
  [  3/137] AMD    Semiconductors
  [  4/137] QCOM   Semiconductors
  [  5/137] TXN    Semiconductors
  [  6/137] INTC   Semiconductors
  [  7/137] MU     Semiconductors
  [  8/137] ADI    Semiconductors
  [  9/137] NXPI   Semiconductors
  [ 10/137] MRVL   Semiconductors
  [ 11/137] ON     Semiconductors
  [ 12/137] MCHP   Semiconductors
  [ 13/137] ARM    Semiconductors
  [ 14/137] AMAT   Semicap Equipment
  [ 15/137] LRCX   Semicap Equipment
  [ 16/137] KLAC   Semicap Equipment
  [ 17/137] ASML   Semicap Equipment
  [ 18/137] TER    Semicap Equipment
  [ 19/137] ENTG   Semicap Equipment
  [ 20/137] MSFT   Software — Infrastructure
  [ 21/137] ORCL   Software — Infrastructure
  [ 22/137] PANW   Software — Infrastructure
  [ 23/137] CRWD   Software — Infrastructure
  [ 24/137] FTNT   Software — Infrastructure
  [ 25/137] DDOG   Software — Infrastructure
  [ 26/137] SNOW   Software — Infrastructure
  [ 27/137] MDB    Software — Infrastructure
  [ 28/137] NET    Software — Infrastructure
  [ 29/137] ZS     Software — Infrastructure
  [ 30/137] CRM    Software — Applications
  [ 31/137] ADBE   Software — Applications
  [ 32/137] NOW    Software — Applications
  [ 33/137] INTU   Software — Applications
  [ 34/137] WDAY   Software — Applications
  [ 35/137] TEAM   Software — Applications
  [ 36/137] HUBS   Software — Applications
  [ 37/137] VEEV   Software — Applications
  [ 38/137] ADSK   Software — Applications
  [ 39/137] SNPS   Software — Applications
  [ 40/137] CDNS   Software — Applications
  [ 41/137] GOOGL  Internet
  [ 42/137] META   Internet
  [ 43/137] SPOT   Internet
  [ 44/137] PINS   Internet
  [ 45/137] SNAP   Internet
  [ 46/137] TTD    Internet
  [ 47/137] RDDT   Internet
  [ 48/137] NFLX   Media & Entertainment
  [ 49/137] DIS    Media & Entertainment
  [ 50/137] CMCSA  Media & Entertainment
  [ 51/137] WBD    Media & Entertainment
  [ 52/137] LYV    Media & Entertainment
  [ 53/137] EA     Media & Entertainment
  [ 54/137] TTWO   Media & Entertainment
  [ 55/137] RBLX   Media & Entertainment
  [ 56/137] TMUS   Telecom
  [ 57/137] VZ     Telecom
  [ 58/137] T      Telecom
  [ 59/137] CHTR   Telecom
  [ 60/137] AAPL   Hardware & Networking
  [ 61/137] CSCO   Hardware & Networking
  [ 62/137] DELL   Hardware & Networking
  [ 63/137] SMCI   Hardware & Networking
  [ 64/137] ANET   Hardware & Networking
  [ 65/137] WDC    Hardware & Networking
  [ 66/137] STX    Hardware & Networking
  [ 67/137] NTAP   Hardware & Networking
  [ 68/137] MSI    Hardware & Networking
  [ 69/137] GLW    Hardware & Networking
  [ 70/137] IBM    IT Services
  [ 71/137] ACN    IT Services
  [ 72/137] CTSH   IT Services
  [ 73/137] INFY   IT Services
  [ 74/137] EPAM   IT Services
  [ 75/137] BA     Aerospace & Defense
  [ 76/137] RTX    Aerospace & Defense
  [ 77/137] LMT    Aerospace & Defense
  [ 78/137] GD     Aerospace & Defense
  [ 79/137] NOC    Aerospace & Defense
  [ 80/137] LHX    Aerospace & Defense
  [ 81/137] TDG    Aerospace & Defense
  [ 82/137] HWM    Aerospace & Defense
  [ 83/137] CAT    Machinery
  [ 84/137] DE     Machinery
  [ 85/137] CMI    Machinery
  [ 86/137] PCAR   Machinery
  [ 87/137] ITW    Machinery
  [ 88/137] PH     Machinery
  [ 89/137] DOV    Machinery
  [ 90/137] UNP    Transport & Logistics
  [ 91/137] CSX    Transport & Logistics
  [ 92/137] NSC    Transport & Logistics
  [ 93/137] UPS    Transport & Logistics
  [ 94/137] FDX    Transport & Logistics
  [ 95/137] ODFL   Transport & Logistics
  [ 96/137] GE     Electrical Equipment
  [ 97/137] HON    Electrical Equipment
  [ 98/137] ETN    Electrical Equipment
  [ 99/137] EMR    Electrical Equipment
  [100/137] ROK    Electrical Equipment
  [101/137] AME    Electrical Equipment
  [102/137] MMM    Multi-Industrial
  [103/137] CARR   Multi-Industrial
  [104/137] JCI    Multi-Industrial
  [105/137] IR     Multi-Industrial
  [106/137] AMZN   Internet Retail
  [107/137] BKNG   Internet Retail
  [108/137] ABNB   Internet Retail
  [109/137] DASH   Internet Retail
  [110/137] EBAY   Internet Retail
  [111/137] CHWY   Internet Retail
  [112/137] WMT    Broadline & Specialty Retail
  [113/137] COST   Broadline & Specialty Retail
  [114/137] TGT    Broadline & Specialty Retail
  [115/137] HD     Broadline & Specialty Retail
  [116/137] LOW    Broadline & Specialty Retail
  [117/137] TJX    Broadline & Specialty Retail
  [118/137] ROST   Broadline & Specialty Retail
  [119/137] PG     Staples
  [120/137] KO     Staples
  [121/137] PEP    Staples
  [122/137] PM     Staples
  [123/137] MO     Staples
  [124/137] MDLZ   Staples
  [125/137] CL     Staples
  [126/137] KMB    Staples
  [127/137] MCD    Restaurants
  [128/137] SBUX   Restaurants
  [129/137] CMG    Restaurants
  [130/137] YUM    Restaurants
  [131/137] QSR    Restaurants
  [132/137] DRI    Restaurants
  [133/137] TSLA   Autos & Apparel
  [134/137] GM     Autos & Apparel
  [135/137] F      Autos & Apparel
  [136/137] NKE    Autos & Apparel
  [137/137] LULU   Autos & Apparel
Fetching SPX snapshot...

Wrote /Users/owen/Desktop/fundamentals_tracker/dashboard.html  (137 companies)
run OK:   2026-08-15 13:18:10 EDT
==============================================================
run start: 2026-08-15 18:43:10 EDT
Fetching fundamentals...
  [  1/148] NVDA   Semiconductors
  [  2/148] AVGO   Semiconductors
  [  3/148] AMD    Semiconductors
  [  4/148] QCOM   Semiconductors
==============================================================
run start: 2026-08-15 18:43:12 EDT
  [  5/148] TXN    Semiconductors
  [  6/148] INTC   Semiconductors
Another run is in progress; exiting.
run OK:   2026-08-15 18:43:13 EDT
  [  7/148] MU     Semiconductors
  [  8/148] ADI    Semiconductors
  [  9/148] NXPI   Semiconductors
  [ 10/148] MRVL   Semiconductors
  [ 11/148] ON     Semiconductors
  [ 12/148] MCHP   Semiconductors
  [ 13/148] ARM    Semiconductors
  [ 14/148] MPWR   Semiconductors
  [ 15/148] ALAB   Semiconductors
  [ 16/148] CRDO   Semiconductors
  [ 17/148] AMAT   Semicap Equipment
  [ 18/148] LRCX   Semicap Equipment
  [ 19/148] KLAC   Semicap Equipment
  [ 20/148] ASML   Semicap Equipment
  [ 21/148] TER    Semicap Equipment
  [ 22/148] ENTG   Semicap Equipment
  [ 23/148] MSFT   Software — Infrastructure
  [ 24/148] ORCL   Software — Infrastructure
  [ 25/148] PANW   Software — Infrastructure
  [ 26/148] CRWD   Software — Infrastructure
  [ 27/148] FTNT   Software — Infrastructure
  [ 28/148] DDOG   Software — Infrastructure
  [ 29/148] SNOW   Software — Infrastructure
  [ 30/148] MDB    Software — Infrastructure
  [ 31/148] NET    Software — Infrastructure
  [ 32/148] ZS     Software — Infrastructure
  [ 33/148] CRM    Software — Applications
  [ 34/148] ADBE   Software — Applications
  [ 35/148] NOW    Software — Applications
  [ 36/148] INTU   Software — Applications
  [ 37/148] WDAY   Software — Applications
  [ 38/148] TEAM   Software — Applications
  [ 39/148] HUBS   Software — Applications
  [ 40/148] VEEV   Software — Applications
  [ 41/148] ADSK   Software — Applications
  [ 42/148] SNPS   Software — Applications
  [ 43/148] CDNS   Software — Applications
  [ 44/148] GOOGL  Internet
  [ 45/148] META   Internet
  [ 46/148] SPOT   Internet
  [ 47/148] PINS   Internet
  [ 48/148] SNAP   Internet
  [ 49/148] TTD    Internet
  [ 50/148] RDDT   Internet
  [ 51/148] NFLX   Media & Entertainment
  [ 52/148] DIS    Media & Entertainment
  [ 53/148] CMCSA  Media & Entertainment
  [ 54/148] WBD    Media & Entertainment
  [ 55/148] LYV    Media & Entertainment
  [ 56/148] EA     Media & Entertainment
  [ 57/148] TTWO   Media & Entertainment
  [ 58/148] RBLX   Media & Entertainment
  [ 59/148] TMUS   Telecom
  [ 60/148] VZ     Telecom
  [ 61/148] T      Telecom
  [ 62/148] CHTR   Telecom
  [ 63/148] AAPL   Hardware & Networking
  [ 64/148] CSCO   Hardware & Networking
  [ 65/148] DELL   Hardware & Networking
  [ 66/148] SMCI   Hardware & Networking
  [ 67/148] ANET   Hardware & Networking
  [ 68/148] WDC    Hardware & Networking
  [ 69/148] STX    Hardware & Networking
  [ 70/148] NTAP   Hardware & Networking
  [ 71/148] MSI    Hardware & Networking
  [ 72/148] GLW    Hardware & Networking
  [ 73/148] COHR   Hardware & Networking
  [ 74/148] LITE   Hardware & Networking
  [ 75/148] CIEN   Hardware & Networking
  [ 76/148] IBM    IT Services
  [ 77/148] ACN    IT Services
  [ 78/148] CTSH   IT Services
  [ 79/148] INFY   IT Services
  [ 80/148] EPAM   IT Services
  [ 81/148] BA     Aerospace & Defense
  [ 82/148] RTX    Aerospace & Defense
  [ 83/148] LMT    Aerospace & Defense
  [ 84/148] GD     Aerospace & Defense
  [ 85/148] NOC    Aerospace & Defense
  [ 86/148] LHX    Aerospace & Defense
  [ 87/148] TDG    Aerospace & Defense
  [ 88/148] HWM    Aerospace & Defense
  [ 89/148] CAT    Machinery
  [ 90/148] DE     Machinery
  [ 91/148] CMI    Machinery
  [ 92/148] PCAR   Machinery
  [ 93/148] ITW    Machinery
  [ 94/148] PH     Machinery
  [ 95/148] DOV    Machinery
  [ 96/148] UNP    Transport & Logistics
  [ 97/148] CSX    Transport & Logistics
  [ 98/148] NSC    Transport & Logistics
  [ 99/148] UPS    Transport & Logistics
  [100/148] FDX    Transport & Logistics
  [101/148] ODFL   Transport & Logistics
  [102/148] GE     Electrical Equipment
  [103/148] HON    Electrical Equipment
  [104/148] ETN    Electrical Equipment
  [105/148] EMR    Electrical Equipment
  [106/148] ROK    Electrical Equipment
  [107/148] AME    Electrical Equipment
  [108/148] GEV    Data Center & Power
  [109/148] VRT    Data Center & Power
  [110/148] PWR    Data Center & Power
  [111/148] NVT    Data Center & Power
  [112/148] HUBB   Data Center & Power
  [113/148] MMM    Multi-Industrial
  [114/148] CARR   Multi-Industrial
  [115/148] JCI    Multi-Industrial
  [116/148] IR     Multi-Industrial
  [117/148] AMZN   Internet Retail
  [118/148] BKNG   Internet Retail
  [119/148] ABNB   Internet Retail
  [120/148] DASH   Internet Retail
  [121/148] EBAY   Internet Retail
  [122/148] CHWY   Internet Retail
  [123/148] WMT    Broadline & Specialty Retail
  [124/148] COST   Broadline & Specialty Retail
  [125/148] TGT    Broadline & Specialty Retail
  [126/148] HD     Broadline & Specialty Retail
  [127/148] LOW    Broadline & Specialty Retail
  [128/148] TJX    Broadline & Specialty Retail
  [129/148] ROST   Broadline & Specialty Retail
  [130/148] PG     Staples
  [131/148] KO     Staples
  [132/148] PEP    Staples
  [133/148] PM     Staples
  [134/148] MO     Staples
  [135/148] MDLZ   Staples
  [136/148] CL     Staples
  [137/148] KMB    Staples
  [138/148] MCD    Restaurants
  [139/148] SBUX   Restaurants
  [140/148] CMG    Restaurants
  [141/148] YUM    Restaurants
  [142/148] QSR    Restaurants
  [143/148] DRI    Restaurants
  [144/148] TSLA   Autos & Apparel
  [145/148] GM     Autos & Apparel
  [146/148] F      Autos & Apparel
  [147/148] NKE    Autos & Apparel
  [148/148] LULU   Autos & Apparel
Fetching price history...
Fetching analyst estimates...
  [  1/148] NVDA   estimates
  [  2/148] AVGO   estimates
  [  3/148] AMD    estimates
  [  4/148] QCOM   estimates
  [  5/148] TXN    estimates
  [  6/148] INTC   estimates
  [  7/148] MU     estimates
  [  8/148] ADI    estimates
  [  9/148] NXPI   estimates
  [ 10/148] MRVL   estimates
  [ 11/148] ON     estimates
  [ 12/148] MCHP   estimates
  [ 13/148] ARM    estimates
  [ 14/148] MPWR   estimates
  [ 15/148] ALAB   estimates
  [ 16/148] CRDO   estimates
  [ 17/148] AMAT   estimates
  [ 18/148] LRCX   estimates
  [ 19/148] KLAC   estimates
  [ 20/148] ASML   estimates
  [ 21/148] TER    estimates
  [ 22/148] ENTG   estimates
  [ 23/148] MSFT   estimates
  [ 24/148] ORCL   estimates
  [ 25/148] PANW   estimates
  [ 26/148] CRWD   estimates
  [ 27/148] FTNT   estimates
  [ 28/148] DDOG   estimates
  [ 29/148] SNOW   estimates
  [ 30/148] MDB    estimates
  [ 31/148] NET    estimates
  [ 32/148] ZS     estimates
  [ 33/148] CRM    estimates
  [ 34/148] ADBE   estimates
  [ 35/148] NOW    estimates
  [ 36/148] INTU   estimates
  [ 37/148] WDAY   estimates
  [ 38/148] TEAM   estimates
  [ 39/148] HUBS   estimates
  [ 40/148] VEEV   estimates
  [ 41/148] ADSK   estimates
  [ 42/148] SNPS   estimates
  [ 43/148] CDNS   estimates
  [ 44/148] GOOGL  estimates
  [ 45/148] META   estimates
  [ 46/148] SPOT   estimates
  [ 47/148] PINS   estimates
  [ 48/148] SNAP   estimates
  [ 49/148] TTD    estimates
  [ 50/148] RDDT   estimates
  [ 51/148] NFLX   estimates
  [ 52/148] DIS    estimates
  [ 53/148] CMCSA  estimates
  [ 54/148] WBD    estimates
  [ 55/148] LYV    estimates
  [ 56/148] EA     estimates
  [ 57/148] TTWO   estimates
  [ 58/148] RBLX   estimates
  [ 59/148] TMUS   estimates
  [ 60/148] VZ     estimates
  [ 61/148] T      estimates
  [ 62/148] CHTR   estimates
  [ 63/148] AAPL   estimates
  [ 64/148] CSCO   estimates
  [ 65/148] DELL   estimates
  [ 66/148] SMCI   estimates
  [ 67/148] ANET   estimates
  [ 68/148] WDC    estimates
  [ 69/148] STX    estimates
  [ 70/148] NTAP   estimates
  [ 71/148] MSI    estimates
  [ 72/148] GLW    estimates
  [ 73/148] COHR   estimates
  [ 74/148] LITE   estimates
  [ 75/148] CIEN   estimates
  [ 76/148] IBM    estimates
  [ 77/148] ACN    estimates
  [ 78/148] CTSH   estimates
  [ 79/148] INFY   estimates
  [ 80/148] EPAM   estimates
  [ 81/148] BA     estimates
  [ 82/148] RTX    estimates
  [ 83/148] LMT    estimates
  [ 84/148] GD     estimates
  [ 85/148] NOC    estimates
  [ 86/148] LHX    estimates
  [ 87/148] TDG    estimates
  [ 88/148] HWM    estimates
  [ 89/148] CAT    estimates
  [ 90/148] DE     estimates
  [ 91/148] CMI    estimates
  [ 92/148] PCAR   estimates
  [ 93/148] ITW    estimates
  [ 94/148] PH     estimates
  [ 95/148] DOV    estimates
  [ 96/148] UNP    estimates
  [ 97/148] CSX    estimates
  [ 98/148] NSC    estimates
  [ 99/148] UPS    estimates
  [100/148] FDX    estimates
  [101/148] ODFL   estimates
  [102/148] GE     estimates
  [103/148] HON    estimates
  [104/148] ETN    estimates
  [105/148] EMR    estimates
  [106/148] ROK    estimates
  [107/148] AME    estimates
  [108/148] GEV    estimates
  [109/148] VRT    estimates
  [110/148] PWR    estimates
  [111/148] NVT    estimates
  [112/148] HUBB   estimates
  [113/148] MMM    estimates
  [114/148] CARR   estimates
  [115/148] JCI    estimates
  [116/148] IR     estimates
  [117/148] AMZN   estimates
  [118/148] BKNG   estimates
  [119/148] ABNB   estimates
  [120/148] DASH   estimates
  [121/148] EBAY   estimates
  [122/148] CHWY   estimates
  [123/148] WMT    estimates
  [124/148] COST   estimates
  [125/148] TGT    estimates
  [126/148] HD     estimates
  [127/148] LOW    estimates
  [128/148] TJX    estimates
  [129/148] ROST   estimates
  [130/148] PG     estimates
  [131/148] KO     estimates
  [132/148] PEP    estimates
  [133/148] PM     estimates
  [134/148] MO     estimates
  [135/148] MDLZ   estimates
  [136/148] CL     estimates
  [137/148] KMB    estimates
  [138/148] MCD    estimates
  [139/148] SBUX   estimates
  [140/148] CMG    estimates
  [141/148] YUM    estimates
  [142/148] QSR    estimates
  [143/148] DRI    estimates
  [144/148] TSLA   estimates
  [145/148] GM     estimates
  [146/148] F      estimates
  [147/148] NKE    estimates
  [148/148] LULU   estimates
Fetching 5y closes for the history store...
History: 195872 rows written for 2026-08-15
Fetching SPX snapshot...
Fetching proxy-ETF benchmarks...

Wrote /Users/owen/Desktop/fundamentals_tracker/dashboard.html  (148 companies)
run OK:   2026-08-15 18:47:57 EDT
